// Jest Snapshot v1, https://goo.gl/fbAQLP

exports[`Note List Color Have a correct render 1`] = `
"<div class=\\"note-list-color\\">
  <div class=\\"v-item-group theme--light v-expansion-panels\\">
    <div aria-expanded=\\"false\\" class=\\"v-expansion-panel\\"><button type=\\"button\\" class=\\"v-expansion-panel-header\\">
        yellow ( 4 )
        <transition-stub name=\\"fade-transition\\">
          <div class=\\"v-expansion-panel-header__icon\\"><i aria-hidden=\\"true\\" class=\\"v-icon notranslate material-icons theme--light\\">expand_more</i></div>
        </transition-stub></button>
      <transition-stub name=\\"expand-transition\\">
        <!---->
      </transition-stub>
    </div>
    <div aria-expanded=\\"false\\" class=\\"v-expansion-panel\\"><button type=\\"button\\" class=\\"v-expansion-panel-header\\">
        white ( 2 )
        <transition-stub name=\\"fade-transition\\">
          <div class=\\"v-expansion-panel-header__icon\\"><i aria-hidden=\\"true\\" class=\\"v-icon notranslate material-icons theme--light\\">expand_more</i></div>
        </transition-stub></button>
      <transition-stub name=\\"expand-transition\\">
        <!---->
      </transition-stub>
    </div>
    <div aria-expanded=\\"false\\" class=\\"v-expansion-panel\\"><button type=\\"button\\" class=\\"v-expansion-panel-header\\">
        green ( 2 )
        <transition-stub name=\\"fade-transition\\">
          <div class=\\"v-expansion-panel-header__icon\\"><i aria-hidden=\\"true\\" class=\\"v-icon notranslate material-icons theme--light\\">expand_more</i></div>
        </transition-stub></button>
      <transition-stub name=\\"expand-transition\\">
        <!---->
      </transition-stub>
    </div>
    <div aria-expanded=\\"false\\" class=\\"v-expansion-panel\\"><button type=\\"button\\" class=\\"v-expansion-panel-header\\">
        blue ( 2 )
        <transition-stub name=\\"fade-transition\\">
          <div class=\\"v-expansion-panel-header__icon\\"><i aria-hidden=\\"true\\" class=\\"v-icon notranslate material-icons theme--light\\">expand_more</i></div>
        </transition-stub></button>
      <transition-stub name=\\"expand-transition\\">
        <!---->
      </transition-stub>
    </div>
    <div aria-expanded=\\"false\\" class=\\"v-expansion-panel\\"><button type=\\"button\\" class=\\"v-expansion-panel-header\\">
        purple ( 1 )
        <transition-stub name=\\"fade-transition\\">
          <div class=\\"v-expansion-panel-header__icon\\"><i aria-hidden=\\"true\\" class=\\"v-icon notranslate material-icons theme--light\\">expand_more</i></div>
        </transition-stub></button>
      <transition-stub name=\\"expand-transition\\">
        <!---->
      </transition-stub>
    </div>
    <div aria-expanded=\\"false\\" class=\\"v-expansion-panel\\"><button type=\\"button\\" class=\\"v-expansion-panel-header\\">
        red ( 1 )
        <transition-stub name=\\"fade-transition\\">
          <div class=\\"v-expansion-panel-header__icon\\"><i aria-hidden=\\"true\\" class=\\"v-icon notranslate material-icons theme--light\\">expand_more</i></div>
        </transition-stub></button>
      <transition-stub name=\\"expand-transition\\">
        <!---->
      </transition-stub>
    </div>
  </div>
</div>"
`;
